============================= test session starts =============================
platform win32 -- Python 3.12.6, pytest-9.0.3, pluggy-1.6.0 -- c:\Users\nly99857\OneDrive - Philips\SW Projects\SSF\venvs\env_SSF\Scripts\python.exe
cachedir: .pytest_cache
rootdir: C:\Users\nly99857\OneDrive - Philips\SW Projects\SSF
plugins: timeout-2.4.0
collecting ... collected 1 item

tests/fast/test_a_strategy_fixtures_independent.py::test_fixture_canonical_validation[majority_n2_8_k_1.npz0] FAILED [100%]

================================== FAILURES ===================================
__________ test_fixture_canonical_validation[majority_n2_8_k_1.npz0] __________

entry = {'analytical_exact': True, 'analytical_method': 'closed_form', 'analytical_notes': 'Pure majority over n2 bits with ti...on.', 'analytical_success': {'0.50': 0.63671875, '0.65': 0.63671875, '0.77': 0.63671875, '0.80': 0.63671875, ...}, ...}

    @pytest.mark.parametrize("entry", _load_manifest(), ids=lambda e: e.get("file", "?"))
    def test_fixture_canonical_validation(entry: dict):
        """
        Validate a single fixture against canonical builder.
    
        For each manifest entry:
          1. Extract spec fields from manifest.
          2. Build HybridStrategySpec.
          3. Generate expected fixture using canonical builder.
          4. Load actual .npz fixture.
          5. Assert shapes, dtypes, and array values match.
        """
        fixture_name = entry.get("file")
        assert fixture_name, f"Entry missing 'file': {entry}"
    
        fixture_path = FIXTURE_DIR / fixture_name
        assert fixture_path.exists(), f"Fixture file missing: {fixture_path}"
    
        # Extract spec from manifest
        family = entry.get("family")
        n2 = entry.get("n2")
        k_box = entry.get("k_box")
        split = entry.get("split")
        depth_s = entry.get("depth_s")
        order = entry.get("order")
        tie_bandwidth = entry.get("tie_bandwidth", 0)
        tie_value = entry.get("tie_value", 0)
    
        assert family, f"Entry missing 'family': {entry}"
        assert n2 is not None, f"Entry missing 'n2': {entry}"
        assert k_box is not None, f"Entry missing 'k_box': {entry}"
    
        # Build spec
        spec = HybridStrategySpec(
            family=family,
            n2=n2,
            k_box=k_box,
            split=split,
            depth_s=depth_s,
            order=order,
            tie_bandwidth=tie_bandwidth,
            tie_value=tie_value,
        )
    
        # Validate spec
        spec = validate_spec(spec)
    
        # Generate expected fixture
        expected = build_strategy_fixture(spec)
    
        # Load actual fixture
        with np.load(fixture_path, allow_pickle=False) as data:
            actual_n2 = int(np.asarray(data["n2"]).item())
            actual_k_box = int(np.asarray(data["k_box"]).item())
            actual_comm = np.asarray(data["comm_table"], dtype=np.uint8)
            actual_f_tables = [
                np.asarray(data[f"f_table_{d}"], dtype=np.uint8)
                for d in range(actual_k_box)
            ]
    
        # Validate shapes and metadata
        assert actual_n2 == n2, (
            f"Stored n2={actual_n2} does not match manifest n2={n2}"
        )
        assert actual_k_box == k_box, (
            f"Stored k_box={actual_k_box} does not match manifest k_box={k_box}"
        )
    
        expected_rows = 1 << n2
        expected_cols_comm = 1 << k_box
    
        assert actual_comm.shape == (expected_rows, expected_cols_comm), (
            f"comm_table shape mismatch: expected {(expected_rows, expected_cols_comm)}, "
            f"got {actual_comm.shape}"
        )
        assert actual_comm.dtype == np.uint8, (
            f"comm_table dtype mismatch: expected uint8, got {actual_comm.dtype}"
        )
        assert np.all((actual_comm == 0) | (actual_comm == 1)), (
            "comm_table must be binary (0/1)"
        )
    
        assert len(actual_f_tables) == k_box, (
            f"Expected {k_box} f_tables, got {len(actual_f_tables)}"
        )
    
        for d, table in enumerate(actual_f_tables):
            expected_rows_d = 1 << n2
            expected_cols_d = 1 << d
            assert table.shape == (expected_rows_d, expected_cols_d), (
                f"f_table_{d} shape mismatch: expected {(expected_rows_d, expected_cols_d)}, "
                f"got {table.shape}"
            )
            assert table.dtype == np.uint8, (
                f"f_table_{d} dtype mismatch: expected uint8, got {table.dtype}"
            )
            assert np.all((table == 0) | (table == 1)), (
                f"f_table_{d} must be binary (0/1)"
            )
    
        # Compare actual against expected
>       assert np.array_equal(actual_comm, expected.comm_table), (
            f"comm_table mismatch for {fixture_name}"
        )
E       AssertionError: comm_table mismatch for majority_n2_8_k_1.npz
E       assert False
E        +  where False = <function array_equal at 0x00000187B078FEB0>(array([[0, 0],\n       [0, 0],\n       [0, 0],\n       [0, 0],\n       [0, 0],\n       [0, 0],\n       [0, 0],\n       [0, 0],\n       [0, 0],\n       [0, 0],\n       [0, 0],\n       [0, 0],\n       [0, 0],\n       [0, 0],\n       [0, 0],\n       [0, 0],\n       [0, 0],\n       [0, 0],\n       [0, 0],\n       [0, 0],\n       [0, 0],\n       [0, 0],\n       [0, 0],\n       [0, 0],\n       [0, 0],\n       [0, 0],\n       [0, 0],\n       [0, 0],\n       [0, 0],\n       [0, 0],\n       [0, 0],\n       [0, 0],\n       [0, 0],\n       [0, 0],\n       [0, 0],\n       [0, 0],\n       [0, 0],\n       [0, 0],\n       [0, 0],\n       [0, 0],\n       [0, 0],\n       [0, 0],\n       [0, 0],\n       [0, 0],\n       [0, 0],\n       [0, 0],\n       [0, 0],\n       [0, 0],\n       [0, 0],\n       [0, 0],\n       [0, 0],\n       [0, 0],\n       [0, 0],\n       [0, 0],\n       [0, 0],\n       [0, 0],\n       [0, 0],\n       [0, 0],\n       [0, 0],\n       [0, 0],\n       [0, 0],\n       [0, 0],\n       [0, 0],\n       [1, 1],\n       [0, 0],\n       [0, 0],\n       [0, 0],\n       [0, 0],\n       [0, 0],\n       [0, 0],\n       [0, 0],\n       [0, 0],\n       [0, 0],\n       [0, 0],\n       [0, 0],\n       [0, 0],\n       [0, 0],\n       [0, 0],\n       [0, 0],\n       [0, 0],\n       [0, 0],\n       [0, 0],\n       [0, 0],\n       [0, 0],\n       [0, 0],\n       [0, 0],\n       [0, 0],\n       [0, 0],\n       [0, 0],\n       [0, 0],\n       [0, 0],\n       [0, 0],\n       [0, 0],\n       [0, 0],\n       [0, 0],\n       [1, 1],\n       [0, 0],\n       [0, 0],\n       [0, 0],\n       [0, 0],\n       [0, 0],\n       [0, 0],\n       [0, 0],\n       [0, 0],\n       [0, 0],\n       [0, 0],\n       [0, 0],\n       [0, 0],\n       [0, 0],\n       [0, 0],\n       [0, 0],\n       [1, 1],\n       [0, 0],\n       [0, 0],\n       [0, 0],\n       [0, 0],\n       [0, 0],\n       [0, 0],\n       [0, 0],\n       [1, 1],\n       [0, 0],\n       [0, 0],\n       [0, 0],\n       [1, 1],\n       [0, 0],\n       [1, 1],\n       [1, 1],\n       [1, 1],\n       [0, 0],\n       [0, 0],\n       [0, 0],\n       [0, 0],\n       [0, 0],\n       [0, 0],\n       [0, 0],\n       [0, 0],\n       [0, 0],\n       [0, 0],\n       [0, 0],\n       [0, 0],\n       [0, 0],\n       [0, 0],\n       [0, 0],\n       [0, 0],\n       [0, 0],\n       [0, 0],\n       [0, 0],\n       [0, 0],\n       [0, 0],\n       [0, 0],\n       [0, 0],\n       [0, 0],\n       [0, 0],\n       [0, 0],\n       [0, 0],\n       [0, 0],\n       [0, 0],\n       [0, 0],\n       [0, 0],\n       [1, 1],\n       [0, 0],\n       [0, 0],\n       [0, 0],\n       [0, 0],\n       [0, 0],\n       [0, 0],\n       [0, 0],\n       [0, 0],\n       [0, 0],\n       [0, 0],\n       [0, 0],\n       [0, 0],\n       [0, 0],\n       [0, 0],\n       [0, 0],\n       [1, 1],\n       [0, 0],\n       [0, 0],\n       [0, 0],\n       [0, 0],\n       [0, 0],\n       [0, 0],\n       [0, 0],\n       [1, 1],\n       [0, 0],\n       [0, 0],\n       [0, 0],\n       [1, 1],\n       [0, 0],\n       [1, 1],\n       [1, 1],\n       [1, 1],\n       [0, 0],\n       [0, 0],\n       [0, 0],\n       [0, 0],\n       [0, 0],\n       [0, 0],\n       [0, 0],\n       [0, 0],\n       [0, 0],\n       [0, 0],\n       [0, 0],\n       [0, 0],\n       [0, 0],\n       [0, 0],\n       [0, 0],\n       [1, 1],\n       [0, 0],\n       [0, 0],\n       [0, 0],\n       [0, 0],\n       [0, 0],\n       [0, 0],\n       [0, 0],\n       [1, 1],\n       [0, 0],\n       [0, 0],\n       [0, 0],\n       [1, 1],\n       [0, 0],\n       [1, 1],\n       [1, 1],\n       [1, 1],\n       [0, 0],\n       [0, 0],\n       [0, 0],\n       [0, 0],\n       [0, 0],\n       [0, 0],\n       [0, 0],\n       [1, 1],\n       [0, 0],\n       [0, 0],\n       [0, 0],\n       [1, 1],\n       [0, 0],\n       [1, 1],\n       [1, 1],\n       [1, 1],\n       [0, 0],\n       [0, 0],\n       [0, 0],\n       [1, 1],\n       [0, 0],\n       [1, 1],\n       [1, 1],\n       [1, 1],\n       [0, 0],\n       [1, 1],\n       [1, 1],\n       [1, 1],\n       [1, 1],\n       [1, 1],\n       [1, 1],\n       [1, 1]], dtype=uint8), array([[0, 0],\n       [0, 0],\n       [0, 0],\n       [0, 0],\n       [0, 0],\n       [0, 0],\n       [0, 0],\n       [0, 0],\n       [0, 0],\n       [0, 0],\n       [0, 0],\n       [0, 0],\n       [0, 0],\n       [0, 0],\n       [0, 0],\n       [0, 0],\n       [0, 0],\n       [0, 0],\n       [0, 0],\n       [0, 0],\n       [0, 0],\n       [0, 0],\n       [0, 0],\n       [0, 0],\n       [0, 0],\n       [0, 0],\n       [0, 0],\n       [0, 0],\n       [0, 0],\n       [0, 0],\n       [0, 0],\n       [1, 1],\n       [0, 0],\n       [0, 0],\n       [0, 0],\n       [0, 0],\n       [0, 0],\n       [0, 0],\n       [0, 0],\n       [0, 0],\n       [0, 0],\n       [0, 0],\n       [0, 0],\n       [0, 0],\n       [0, 0],\n       [0, 0],\n       [0, 0],\n       [1, 1],\n       [0, 0],\n       [0, 0],\n       [0, 0],\n       [0, 0],\n       [0, 0],\n       [0, 0],\n       [0, 0],\n       [1, 1],\n       [0, 0],\n       [0, 0],\n       [0, 0],\n       [1, 1],\n       [0, 0],\n       [1, 1],\n       [1, 1],\n       [1, 1],\n       [0, 0],\n       [0, 0],\n       [0, 0],\n       [0, 0],\n       [0, 0],\n       [0, 0],\n       [0, 0],\n       [0, 0],\n       [0, 0],\n       [0, 0],\n       [0, 0],\n       [0, 0],\n       [0, 0],\n       [0, 0],\n       [0, 0],\n       [1, 1],\n       [0, 0],\n       [0, 0],\n       [0, 0],\n       [0, 0],\n       [0, 0],\n       [0, 0],\n       [0, 0],\n       [1, 1],\n       [0, 0],\n       [0, 0],\n       [0, 0],\n       [1, 1],\n       [0, 0],\n       [1, 1],\n       [1, 1],\n       [1, 1],\n       [0, 0],\n       [0, 0],\n       [0, 0],\n       [0, 0],\n       [0, 0],\n       [0, 0],\n       [0, 0],\n       [1, 1],\n       [0, 0],\n       [0, 0],\n       [0, 0],\n       [1, 1],\n       [0, 0],\n       [1, 1],\n       [1, 1],\n       [1, 1],\n       [0, 0],\n       [0, 0],\n       [0, 0],\n       [1, 1],\n       [0, 0],\n       [1, 1],\n       [1, 1],\n       [1, 1],\n       [0, 0],\n       [1, 1],\n       [1, 1],\n       [1, 1],\n       [1, 1],\n       [1, 1],\n       [1, 1],\n       [1, 1],\n       [0, 0],\n       [0, 0],\n       [0, 0],\n       [0, 0],\n       [0, 0],\n       [0, 0],\n       [0, 0],\n       [0, 0],\n       [0, 0],\n       [0, 0],\n       [0, 0],\n       [0, 0],\n       [0, 0],\n       [0, 0],\n       [0, 0],\n       [1, 1],\n       [0, 0],\n       [0, 0],\n       [0, 0],\n       [0, 0],\n       [0, 0],\n       [0, 0],\n       [0, 0],\n       [1, 1],\n       [0, 0],\n       [0, 0],\n       [0, 0],\n       [1, 1],\n       [0, 0],\n       [1, 1],\n       [1, 1],\n       [1, 1],\n       [0, 0],\n       [0, 0],\n       [0, 0],\n       [0, 0],\n       [0, 0],\n       [0, 0],\n       [0, 0],\n       [1, 1],\n       [0, 0],\n       [0, 0],\n       [0, 0],\n       [1, 1],\n       [0, 0],\n       [1, 1],\n       [1, 1],\n       [1, 1],\n       [0, 0],\n       [0, 0],\n       [0, 0],\n       [1, 1],\n       [0, 0],\n       [1, 1],\n       [1, 1],\n       [1, 1],\n       [0, 0],\n       [1, 1],\n       [1, 1],\n       [1, 1],\n       [1, 1],\n       [1, 1],\n       [1, 1],\n       [1, 1],\n       [0, 0],\n       [0, 0],\n       [0, 0],\n       [0, 0],\n       [0, 0],\n       [0, 0],\n       [0, 0],\n       [1, 1],\n       [0, 0],\n       [0, 0],\n       [0, 0],\n       [1, 1],\n       [0, 0],\n       [1, 1],\n       [1, 1],\n       [1, 1],\n       [0, 0],\n       [0, 0],\n       [0, 0],\n       [1, 1],\n       [0, 0],\n       [1, 1],\n       [1, 1],\n       [1, 1],\n       [0, 0],\n       [1, 1],\n       [1, 1],\n       [1, 1],\n       [1, 1],\n       [1, 1],\n       [1, 1],\n       [1, 1],\n       [0, 0],\n       [0, 0],\n       [0, 0],\n       [1, 1],\n       [0, 0],\n       [1, 1],\n       [1, 1],\n       [1, 1],\n       [0, 0],\n       [1, 1],\n       [1, 1],\n       [1, 1],\n       [1, 1],\n       [1, 1],\n       [1, 1],\n       [1, 1],\n       [0, 0],\n       [1, 1],\n       [1, 1],\n       [1, 1],\n       [1, 1],\n       [1, 1],\n       [1, 1],\n       [1, 1],\n       [1, 1],\n       [1, 1],\n       [1, 1],\n       [1, 1],\n       [1, 1],\n       [1, 1],\n       [1, 1],\n       [1, 1]], dtype=uint8))
E        +    where <function array_equal at 0x00000187B078FEB0> = np.array_equal
E        +    and   array([[0, 0],\n       [0, 0],\n       [0, 0],\n       [0, 0],\n       [0, 0],\n       [0, 0],\n       [0, 0],\n       [0, 0],\n       [0, 0],\n       [0, 0],\n       [0, 0],\n       [0, 0],\n       [0, 0],\n       [0, 0],\n       [0, 0],\n       [0, 0],\n       [0, 0],\n       [0, 0],\n       [0, 0],\n       [0, 0],\n       [0, 0],\n       [0, 0],\n       [0, 0],\n       [0, 0],\n       [0, 0],\n       [0, 0],\n       [0, 0],\n       [0, 0],\n       [0, 0],\n       [0, 0],\n       [0, 0],\n       [1, 1],\n       [0, 0],\n       [0, 0],\n       [0, 0],\n       [0, 0],\n       [0, 0],\n       [0, 0],\n       [0, 0],\n       [0, 0],\n       [0, 0],\n       [0, 0],\n       [0, 0],\n       [0, 0],\n       [0, 0],\n       [0, 0],\n       [0, 0],\n       [1, 1],\n       [0, 0],\n       [0, 0],\n       [0, 0],\n       [0, 0],\n       [0, 0],\n       [0, 0],\n       [0, 0],\n       [1, 1],\n       [0, 0],\n       [0, 0],\n       [0, 0],\n       [1, 1],\n       [0, 0],\n       [1, 1],\n       [1, 1],\n       [1, 1],\n       [0, 0],\n       [0, 0],\n       [0, 0],\n       [0, 0],\n       [0, 0],\n       [0, 0],\n       [0, 0],\n       [0, 0],\n       [0, 0],\n       [0, 0],\n       [0, 0],\n       [0, 0],\n       [0, 0],\n       [0, 0],\n       [0, 0],\n       [1, 1],\n       [0, 0],\n       [0, 0],\n       [0, 0],\n       [0, 0],\n       [0, 0],\n       [0, 0],\n       [0, 0],\n       [1, 1],\n       [0, 0],\n       [0, 0],\n       [0, 0],\n       [1, 1],\n       [0, 0],\n       [1, 1],\n       [1, 1],\n       [1, 1],\n       [0, 0],\n       [0, 0],\n       [0, 0],\n       [0, 0],\n       [0, 0],\n       [0, 0],\n       [0, 0],\n       [1, 1],\n       [0, 0],\n       [0, 0],\n       [0, 0],\n       [1, 1],\n       [0, 0],\n       [1, 1],\n       [1, 1],\n       [1, 1],\n       [0, 0],\n       [0, 0],\n       [0, 0],\n       [1, 1],\n       [0, 0],\n       [1, 1],\n       [1, 1],\n       [1, 1],\n       [0, 0],\n       [1, 1],\n       [1, 1],\n       [1, 1],\n       [1, 1],\n       [1, 1],\n       [1, 1],\n       [1, 1],\n       [0, 0],\n       [0, 0],\n       [0, 0],\n       [0, 0],\n       [0, 0],\n       [0, 0],\n       [0, 0],\n       [0, 0],\n       [0, 0],\n       [0, 0],\n       [0, 0],\n       [0, 0],\n       [0, 0],\n       [0, 0],\n       [0, 0],\n       [1, 1],\n       [0, 0],\n       [0, 0],\n       [0, 0],\n       [0, 0],\n       [0, 0],\n       [0, 0],\n       [0, 0],\n       [1, 1],\n       [0, 0],\n       [0, 0],\n       [0, 0],\n       [1, 1],\n       [0, 0],\n       [1, 1],\n       [1, 1],\n       [1, 1],\n       [0, 0],\n       [0, 0],\n       [0, 0],\n       [0, 0],\n       [0, 0],\n       [0, 0],\n       [0, 0],\n       [1, 1],\n       [0, 0],\n       [0, 0],\n       [0, 0],\n       [1, 1],\n       [0, 0],\n       [1, 1],\n       [1, 1],\n       [1, 1],\n       [0, 0],\n       [0, 0],\n       [0, 0],\n       [1, 1],\n       [0, 0],\n       [1, 1],\n       [1, 1],\n       [1, 1],\n       [0, 0],\n       [1, 1],\n       [1, 1],\n       [1, 1],\n       [1, 1],\n       [1, 1],\n       [1, 1],\n       [1, 1],\n       [0, 0],\n       [0, 0],\n       [0, 0],\n       [0, 0],\n       [0, 0],\n       [0, 0],\n       [0, 0],\n       [1, 1],\n       [0, 0],\n       [0, 0],\n       [0, 0],\n       [1, 1],\n       [0, 0],\n       [1, 1],\n       [1, 1],\n       [1, 1],\n       [0, 0],\n       [0, 0],\n       [0, 0],\n       [1, 1],\n       [0, 0],\n       [1, 1],\n       [1, 1],\n       [1, 1],\n       [0, 0],\n       [1, 1],\n       [1, 1],\n       [1, 1],\n       [1, 1],\n       [1, 1],\n       [1, 1],\n       [1, 1],\n       [0, 0],\n       [0, 0],\n       [0, 0],\n       [1, 1],\n       [0, 0],\n       [1, 1],\n       [1, 1],\n       [1, 1],\n       [0, 0],\n       [1, 1],\n       [1, 1],\n       [1, 1],\n       [1, 1],\n       [1, 1],\n       [1, 1],\n       [1, 1],\n       [0, 0],\n       [1, 1],\n       [1, 1],\n       [1, 1],\n       [1, 1],\n       [1, 1],\n       [1, 1],\n       [1, 1],\n       [1, 1],\n       [1, 1],\n       [1, 1],\n       [1, 1],\n       [1, 1],\n       [1, 1],\n       [1, 1],\n       [1, 1]], dtype=uint8) = DenseStrategyFixture(spec=HybridStrategySpec(family='majority', n2=8, k_box=1, split=None, depth_s=None, order=None, tie_bandwidth=0, tie_value=0), n2=8, k_box=1, f_tables=[array([[0],\n       [0],\n       [0],\n       [0],\n       [0],\n       [0],\n       [0],\n       [0],\n       [0],\n       [0],\n       [0],\n       [0],\n       [0],\n       [0],\n       [0],\n       [0],\n       [0],\n       [0],\n       [0],\n       [0],\n       [0],\n       [0],\n       [0],\n       [0],\n       [0],\n       [0],\n       [0],\n       [0],\n       [0],\n       [0],\n       [0],\n       [0],\n       [0],\n       [0],\n       [0],\n       [0],\n       [0],\n       [0],\n       [0],\n       [0],\n       [0],\n       [0],\n       [0],\n       [0],\n       [0],\n       [0],\n       [0],\n       [0],\n       [0],\n       [0],\n       [0],\n       [0],\n       [0],\n       [0],\n       [0],\n       [0],\n       [0],\n       [0],\n       [0],\n       [0],\n       [0],\n       [0],\n       [0],\n       [0],\n       [0],\n       [0],\n       [0],\n       [0],\n       [0],\n       [0],\n       [0],\n       [0],\n       [0],\n       [0],\n       [0],\n       [0],\n       [0],\n       [0],\n       [0],\n       [0],\n       [0],\n       [0],\n       [0],\n       [0],\n       [0],\n       [0],\n       [0],\n       [0],\n       [0],\n       [0],\n       [0],\n       [0],\n       [0],\n       [0],\n       [0],\n       [0],\n       [0],\n       [0],\n       [0],\n       [0],\n       [0],\n       [0],\n       [0],\n       [0],\n       [0],\n       [0],\n       [0],\n       [0],\n       [0],\n       [0],\n       [0],\n       [0],\n       [0],\n       [0],\n       [0],\n       [0],\n       [0],\n       [0],\n       [0],\n       [0],\n       [0],\n       [0],\n       [0],\n       [0],\n       [0],\n       [0],\n       [0],\n       [0],\n       [0],\n       [0],\n       [0],\n       [0],\n       [0],\n       [0],\n       [0],\n       [0],\n       [0],\n       [0],\n       [0],\n       [0],\n       [0],\n       [0],\n       [0],\n       [0],\n       [0],\n       [0],\n       [0],\n       [0],\n       [0],\n       [0],\n       [0],\n       [0],\n       [0],\n       [0],\n       [0],\n       [0],\n       [0],\n       [0],\n       [0],\n       [0],\n       [0],\n       [0],\n       [0],\n       [0],\n       [0],\n       [0],\n       [0],\n       [0],\n       [0],\n       [0],\n       [0],\n       [0],\n       [0],\n       [0],\n       [0],\n       [0],\n       [0],\n       [0],\n       [0],\n       [0],\n       [0],\n       [0],\n       [0],\n       [0],\n       [0],\n       [0],\n       [0],\n       [0],\n       [0],\n       [0],\n       [0],\n       [0],\n       [0],\n       [0],\n       [0],\n       [0],\n       [0],\n       [0],\n       [0],\n       [0],\n       [0],\n       [0],\n       [0],\n       [0],\n       [0],\n       [0],\n       [0],\n       [0],\n       [0],\n       [0],\n       [0],\n       [0],\n       [0],\n       [0],\n       [0],\n       [0],\n       [0],\n       [0],\n       [0],\n       [0],\n       [0],\n       [0],\n       [0],\n       [0],\n       [0],\n       [0],\n       [0],\n       [0],\n       [0],\n       [0],\n       [0],\n       [0],\n       [0],\n       [0],\n       [0],\n       [0],\n       [0],\n       [0],\n       [0],\n       [0],\n       [0],\n       [0],\n       [0],\n       [0],\n       [0],\n       [0],\n       [0],\n       [0],\n       [0],\n       [0],\n       [0],\n       [0],\n       [0],\n       [0],\n       [0],\n       [0]], dtype=uint8)], comm_table=array([[0, 0],\n       [0, 0],\n       [0, 0],\n       [0, 0],\n       [0, 0],\n       [0, 0],\n       [0, 0],\n       [0, 0],\n       [0, 0],\n       [0, 0],\n       [0, 0],\n       [0, 0],\n       [0, 0],\n       [0, 0],\n       [0, 0],\n       [0, 0],\n       [0, 0],\n       [0, 0],\n       [0, 0],\n       [0, 0],\n       [0, 0],\n       [0, 0],\n       [0, 0],\n       [0, 0],\n       [0, 0],\n       [0, 0],\n       [0, 0],\n       [0, 0],\n       [0, 0],\n       [0, 0],\n       [0, 0],\n       [1, 1],\n       [0, 0],\n       [0, 0],\n       [0, 0],\n       [0, 0],\n       [0, 0],\n       [0, 0],\n       [0, 0],\n       [0, 0],\n       [0, 0],\n       [0, 0],\n       [0, 0],\n       [0, 0],\n       [0, 0],\n       [0, 0],\n       [0, 0],\n       [1, 1],\n       [0, 0],\n       [0, 0],\n       [0, 0],\n       [0, 0],\n       [0, 0],\n       [0, 0],\n       [0, 0],\n       [1, 1],\n       [0, 0],\n       [0, 0],\n       [0, 0],\n       [1, 1],\n       [0, 0],\n       [1, 1],\n       [1, 1],\n       [1, 1],\n       [0, 0],\n       [0, 0],\n       [0, 0],\n       [0, 0],\n       [0, 0],\n       [0, 0],\n       [0, 0],\n       [0, 0],\n       [0, 0],\n       [0, 0],\n       [0, 0],\n       [0, 0],\n       [0, 0],\n       [0, 0],\n       [0, 0],\n       [1, 1],\n       [0, 0],\n       [0, 0],\n       [0, 0],\n       [0, 0],\n       [0, 0],\n       [0, 0],\n       [0, 0],\n       [1, 1],\n       [0, 0],\n       [0, 0],\n       [0, 0],\n       [1, 1],\n       [0, 0],\n       [1, 1],\n       [1, 1],\n       [1, 1],\n       [0, 0],\n       [0, 0],\n       [0, 0],\n       [0, 0],\n       [0, 0],\n       [0, 0],\n       [0, 0],\n       [1, 1],\n       [0, 0],\n       [0, 0],\n       [0, 0],\n       [1, 1],\n       [0, 0],\n       [1, 1],\n       [1, 1],\n       [1, 1],\n       [0, 0],\n       [0, 0],\n       [0, 0],\n       [1, 1],\n       [0, 0],\n       [1, 1],\n       [1, 1],\n       [1, 1],\n       [0, 0],\n       [1, 1],\n       [1, 1],\n       [1, 1],\n       [1, 1],\n       [1, 1],\n       [1, 1],\n       [1, 1],\n       [0, 0],\n       [0, 0],\n       [0, 0],\n       [0, 0],\n       [0, 0],\n       [0, 0],\n       [0, 0],\n       [0, 0],\n       [0, 0],\n       [0, 0],\n       [0, 0],\n       [0, 0],\n       [0, 0],\n       [0, 0],\n       [0, 0],\n       [1, 1],\n       [0, 0],\n       [0, 0],\n       [0, 0],\n       [0, 0],\n       [0, 0],\n       [0, 0],\n       [0, 0],\n       [1, 1],\n       [0, 0],\n       [0, 0],\n       [0, 0],\n       [1, 1],\n       [0, 0],\n       [1, 1],\n       [1, 1],\n       [1, 1],\n       [0, 0],\n       [0, 0],\n       [0, 0],\n       [0, 0],\n       [0, 0],\n       [0, 0],\n       [0, 0],\n       [1, 1],\n       [0, 0],\n       [0, 0],\n       [0, 0],\n       [1, 1],\n       [0, 0],\n       [1, 1],\n       [1, 1],\n       [1, 1],\n       [0, 0],\n       [0, 0],\n       [0, 0],\n       [1, 1],\n       [0, 0],\n       [1, 1],\n       [1, 1],\n       [1, 1],\n       [0, 0],\n       [1, 1],\n       [1, 1],\n       [1, 1],\n       [1, 1],\n       [1, 1],\n       [1, 1],\n       [1, 1],\n       [0, 0],\n       [0, 0],\n       [0, 0],\n       [0, 0],\n       [0, 0],\n       [0, 0],\n       [0, 0],\n       [1, 1],\n       [0, 0],\n       [0, 0],\n       [0, 0],\n       [1, 1],\n       [0, 0],\n       [1, 1],\n       [1, 1],\n       [1, 1],\n       [0, 0],\n       [0, 0],\n       [0, 0],\n       [1, 1],\n       [0, 0],\n       [1, 1],\n       [1, 1],\n       [1, 1],\n       [0, 0],\n       [1, 1],\n       [1, 1],\n       [1, 1],\n       [1, 1],\n       [1, 1],\n       [1, 1],\n       [1, 1],\n       [0, 0],\n       [0, 0],\n       [0, 0],\n       [1, 1],\n       [0, 0],\n       [1, 1],\n       [1, 1],\n       [1, 1],\n       [0, 0],\n       [1, 1],\n       [1, 1],\n       [1, 1],\n       [1, 1],\n       [1, 1],\n       [1, 1],\n       [1, 1],\n       [0, 0],\n       [1, 1],\n       [1, 1],\n       [1, 1],\n       [1, 1],\n       [1, 1],\n       [1, 1],\n       [1, 1],\n       [1, 1],\n       [1, 1],\n       [1, 1],\n       [1, 1],\n       [1, 1],\n       [1, 1],\n       [1, 1],\n       [1, 1]], dtype=uint8), boxes_used=0).comm_table

tests\fast\test_a_strategy_fixtures_independent.py:178: AssertionError
=========================== short test summary info ===========================
FAILED tests/fast/test_a_strategy_fixtures_independent.py::test_fixture_canonical_validation[majority_n2_8_k_1.npz0] - AssertionError: comm_table mismatch for majority_n2_8_k_1.npz
assert False
 +  where False = <function array_equal at 0x00000187B078FEB0>(array([[0, 0],\n       [0, 0],\n       [0, 0],\n       [0, 0],\n       [0, 0],\n       [0, 0],\n       [0, 0],\n       [0, 0],\n       [0, 0],\n       [0, 0],\n       [0, 0],\n       [0, 0],\n       [0, 0],\n       [0, 0],\n       [0, 0],\n       [0, 0],\n       [0, 0],\n       [0, 0],\n       [0, 0],\n       [0, 0],\n       [0, 0],\n       [0, 0],\n       [0, 0],\n       [0, 0],\n       [0, 0],\n       [0, 0],\n       [0, 0],\n       [0, 0],\n       [0, 0],\n       [0, 0],\n       [0, 0],\n       [0, 0],\n       [0, 0],\n       [0, 0],\n       [0, 0],\n       [0, 0],\n       [0, 0],\n       [0, 0],\n       [0, 0],\n       [0, 0],\n       [0, 0],\n       [0, 0],\n       [0, 0],\n       [0, 0],\n       [0, 0],\n       [0, 0],\n       [0, 0],\n       [0, 0],\n       [0, 0],\n       [0, 0],\n       [0, 0],\n       [0, 0],\n       [0, 0],\n       [0, 0],\n       [0, 0],\n       [0, 0],\n       [0, 0],\n       [0, 0],\n       [0, 0],\n       [0, 0],\n       [0, 0],\n       [0, 0],\n       [0, 0],\n       [1, 1],\n       [0, 0],\n       [0, 0],\n       [0, 0],\n       [0, 0],\n       [0, 0],\n       [0, 0],\n       [0, 0],\n       [0, 0],\n       [0, 0],\n       [0, 0],\n       [0, 0],\n       [0, 0],\n       [0, 0],\n       [0, 0],\n       [0, 0],\n       [0, 0],\n       [0, 0],\n       [0, 0],\n       [0, 0],\n       [0, 0],\n       [0, 0],\n       [0, 0],\n       [0, 0],\n       [0, 0],\n       [0, 0],\n       [0, 0],\n       [0, 0],\n       [0, 0],\n       [0, 0],\n       [0, 0],\n       [0, 0],\n       [1, 1],\n       [0, 0],\n       [0, 0],\n       [0, 0],\n       [0, 0],\n       [0, 0],\n       [0, 0],\n       [0, 0],\n       [0, 0],\n       [0, 0],\n       [0, 0],\n       [0, 0],\n       [0, 0],\n       [0, 0],\n       [0, 0],\n       [0, 0],\n       [1, 1],\n       [0, 0],\n       [0, 0],\n       [0, 0],\n       [0, 0],\n       [0, 0],\n       [0, 0],\n       [0, 0],\n       [1, 1],\n       [0, 0],\n       [0, 0],\n       [0, 0],\n       [1, 1],\n       [0, 0],\n       [1, 1],\n       [1, 1],\n       [1, 1],\n       [0, 0],\n       [0, 0],\n       [0, 0],\n       [0, 0],\n       [0, 0],\n       [0, 0],\n       [0, 0],\n       [0, 0],\n       [0, 0],\n       [0, 0],\n       [0, 0],\n       [0, 0],\n       [0, 0],\n       [0, 0],\n       [0, 0],\n       [0, 0],\n       [0, 0],\n       [0, 0],\n       [0, 0],\n       [0, 0],\n       [0, 0],\n       [0, 0],\n       [0, 0],\n       [0, 0],\n       [0, 0],\n       [0, 0],\n       [0, 0],\n       [0, 0],\n       [0, 0],\n       [0, 0],\n       [0, 0],\n       [1, 1],\n       [0, 0],\n       [0, 0],\n       [0, 0],\n       [0, 0],\n       [0, 0],\n       [0, 0],\n       [0, 0],\n       [0, 0],\n       [0, 0],\n       [0, 0],\n       [0, 0],\n       [0, 0],\n       [0, 0],\n       [0, 0],\n       [0, 0],\n       [1, 1],\n       [0, 0],\n       [0, 0],\n       [0, 0],\n       [0, 0],\n       [0, 0],\n       [0, 0],\n       [0, 0],\n       [1, 1],\n       [0, 0],\n       [0, 0],\n       [0, 0],\n       [1, 1],\n       [0, 0],\n       [1, 1],\n       [1, 1],\n       [1, 1],\n       [0, 0],\n       [0, 0],\n       [0, 0],\n       [0, 0],\n       [0, 0],\n       [0, 0],\n       [0, 0],\n       [0, 0],\n       [0, 0],\n       [0, 0],\n       [0, 0],\n       [0, 0],\n       [0, 0],\n       [0, 0],\n       [0, 0],\n       [1, 1],\n       [0, 0],\n       [0, 0],\n       [0, 0],\n       [0, 0],\n       [0, 0],\n       [0, 0],\n       [0, 0],\n       [1, 1],\n       [0, 0],\n       [0, 0],\n       [0, 0],\n       [1, 1],\n       [0, 0],\n       [1, 1],\n       [1, 1],\n       [1, 1],\n       [0, 0],\n       [0, 0],\n       [0, 0],\n       [0, 0],\n       [0, 0],\n       [0, 0],\n       [0, 0],\n       [1, 1],\n       [0, 0],\n       [0, 0],\n       [0, 0],\n       [1, 1],\n       [0, 0],\n       [1, 1],\n       [1, 1],\n       [1, 1],\n       [0, 0],\n       [0, 0],\n       [0, 0],\n       [1, 1],\n       [0, 0],\n       [1, 1],\n       [1, 1],\n       [1, 1],\n       [0, 0],\n       [1, 1],\n       [1, 1],\n       [1, 1],\n       [1, 1],\n       [1, 1],\n       [1, 1],\n       [1, 1]], dtype=uint8), array([[0, 0],\n       [0, 0],\n       [0, 0],\n       [0, 0],\n       [0, 0],\n       [0, 0],\n       [0, 0],\n       [0, 0],\n       [0, 0],\n       [0, 0],\n       [0, 0],\n       [0, 0],\n       [0, 0],\n       [0, 0],\n       [0, 0],\n       [0, 0],\n       [0, 0],\n       [0, 0],\n       [0, 0],\n       [0, 0],\n       [0, 0],\n       [0, 0],\n       [0, 0],\n       [0, 0],\n       [0, 0],\n       [0, 0],\n       [0, 0],\n       [0, 0],\n       [0, 0],\n       [0, 0],\n       [0, 0],\n       [1, 1],\n       [0, 0],\n       [0, 0],\n       [0, 0],\n       [0, 0],\n       [0, 0],\n       [0, 0],\n       [0, 0],\n       [0, 0],\n       [0, 0],\n       [0, 0],\n       [0, 0],\n       [0, 0],\n       [0, 0],\n       [0, 0],\n       [0, 0],\n       [1, 1],\n       [0, 0],\n       [0, 0],\n       [0, 0],\n       [0, 0],\n       [0, 0],\n       [0, 0],\n       [0, 0],\n       [1, 1],\n       [0, 0],\n       [0, 0],\n       [0, 0],\n       [1, 1],\n       [0, 0],\n       [1, 1],\n       [1, 1],\n       [1, 1],\n       [0, 0],\n       [0, 0],\n       [0, 0],\n       [0, 0],\n       [0, 0],\n       [0, 0],\n       [0, 0],\n       [0, 0],\n       [0, 0],\n       [0, 0],\n       [0, 0],\n       [0, 0],\n       [0, 0],\n       [0, 0],\n       [0, 0],\n       [1, 1],\n       [0, 0],\n       [0, 0],\n       [0, 0],\n       [0, 0],\n       [0, 0],\n       [0, 0],\n       [0, 0],\n       [1, 1],\n       [0, 0],\n       [0, 0],\n       [0, 0],\n       [1, 1],\n       [0, 0],\n       [1, 1],\n       [1, 1],\n       [1, 1],\n       [0, 0],\n       [0, 0],\n       [0, 0],\n       [0, 0],\n       [0, 0],\n       [0, 0],\n       [0, 0],\n       [1, 1],\n       [0, 0],\n       [0, 0],\n       [0, 0],\n       [1, 1],\n       [0, 0],\n       [1, 1],\n       [1, 1],\n       [1, 1],\n       [0, 0],\n       [0, 0],\n       [0, 0],\n       [1, 1],\n       [0, 0],\n       [1, 1],\n       [1, 1],\n       [1, 1],\n       [0, 0],\n       [1, 1],\n       [1, 1],\n       [1, 1],\n       [1, 1],\n       [1, 1],\n       [1, 1],\n       [1, 1],\n       [0, 0],\n       [0, 0],\n       [0, 0],\n       [0, 0],\n       [0, 0],\n       [0, 0],\n       [0, 0],\n       [0, 0],\n       [0, 0],\n       [0, 0],\n       [0, 0],\n       [0, 0],\n       [0, 0],\n       [0, 0],\n       [0, 0],\n       [1, 1],\n       [0, 0],\n       [0, 0],\n       [0, 0],\n       [0, 0],\n       [0, 0],\n       [0, 0],\n       [0, 0],\n       [1, 1],\n       [0, 0],\n       [0, 0],\n       [0, 0],\n       [1, 1],\n       [0, 0],\n       [1, 1],\n       [1, 1],\n       [1, 1],\n       [0, 0],\n       [0, 0],\n       [0, 0],\n       [0, 0],\n       [0, 0],\n       [0, 0],\n       [0, 0],\n       [1, 1],\n       [0, 0],\n       [0, 0],\n       [0, 0],\n       [1, 1],\n       [0, 0],\n       [1, 1],\n       [1, 1],\n       [1, 1],\n       [0, 0],\n       [0, 0],\n       [0, 0],\n       [1, 1],\n       [0, 0],\n       [1, 1],\n       [1, 1],\n       [1, 1],\n       [0, 0],\n       [1, 1],\n       [1, 1],\n       [1, 1],\n       [1, 1],\n       [1, 1],\n       [1, 1],\n       [1, 1],\n       [0, 0],\n       [0, 0],\n       [0, 0],\n       [0, 0],\n       [0, 0],\n       [0, 0],\n       [0, 0],\n       [1, 1],\n       [0, 0],\n       [0, 0],\n       [0, 0],\n       [1, 1],\n       [0, 0],\n       [1, 1],\n       [1, 1],\n       [1, 1],\n       [0, 0],\n       [0, 0],\n       [0, 0],\n       [1, 1],\n       [0, 0],\n       [1, 1],\n       [1, 1],\n       [1, 1],\n       [0, 0],\n       [1, 1],\n       [1, 1],\n       [1, 1],\n       [1, 1],\n       [1, 1],\n       [1, 1],\n       [1, 1],\n       [0, 0],\n       [0, 0],\n       [0, 0],\n       [1, 1],\n       [0, 0],\n       [1, 1],\n       [1, 1],\n       [1, 1],\n       [0, 0],\n       [1, 1],\n       [1, 1],\n       [1, 1],\n       [1, 1],\n       [1, 1],\n       [1, 1],\n       [1, 1],\n       [0, 0],\n       [1, 1],\n       [1, 1],\n       [1, 1],\n       [1, 1],\n       [1, 1],\n       [1, 1],\n       [1, 1],\n       [1, 1],\n       [1, 1],\n       [1, 1],\n       [1, 1],\n       [1, 1],\n       [1, 1],\n       [1, 1],\n       [1, 1]], dtype=uint8))
 +    where <function array_equal at 0x00000187B078FEB0> = np.array_equal
 +    and   array([[0, 0],\n       [0, 0],\n       [0, 0],\n       [0, 0],\n       [0, 0],\n       [0, 0],\n       [0, 0],\n       [0, 0],\n       [0, 0],\n       [0, 0],\n       [0, 0],\n       [0, 0],\n       [0, 0],\n       [0, 0],\n       [0, 0],\n       [0, 0],\n       [0, 0],\n       [0, 0],\n       [0, 0],\n       [0, 0],\n       [0, 0],\n       [0, 0],\n       [0, 0],\n       [0, 0],\n       [0, 0],\n       [0, 0],\n       [0, 0],\n       [0, 0],\n       [0, 0],\n       [0, 0],\n       [0, 0],\n       [1, 1],\n       [0, 0],\n       [0, 0],\n       [0, 0],\n       [0, 0],\n       [0, 0],\n       [0, 0],\n       [0, 0],\n       [0, 0],\n       [0, 0],\n       [0, 0],\n       [0, 0],\n       [0, 0],\n       [0, 0],\n       [0, 0],\n       [0, 0],\n       [1, 1],\n       [0, 0],\n       [0, 0],\n       [0, 0],\n       [0, 0],\n       [0, 0],\n       [0, 0],\n       [0, 0],\n       [1, 1],\n       [0, 0],\n       [0, 0],\n       [0, 0],\n       [1, 1],\n       [0, 0],\n       [1, 1],\n       [1, 1],\n       [1, 1],\n       [0, 0],\n       [0, 0],\n       [0, 0],\n       [0, 0],\n       [0, 0],\n       [0, 0],\n       [0, 0],\n       [0, 0],\n       [0, 0],\n       [0, 0],\n       [0, 0],\n       [0, 0],\n       [0, 0],\n       [0, 0],\n       [0, 0],\n       [1, 1],\n       [0, 0],\n       [0, 0],\n       [0, 0],\n       [0, 0],\n       [0, 0],\n       [0, 0],\n       [0, 0],\n       [1, 1],\n       [0, 0],\n       [0, 0],\n       [0, 0],\n       [1, 1],\n       [0, 0],\n       [1, 1],\n       [1, 1],\n       [1, 1],\n       [0, 0],\n       [0, 0],\n       [0, 0],\n       [0, 0],\n       [0, 0],\n       [0, 0],\n       [0, 0],\n       [1, 1],\n       [0, 0],\n       [0, 0],\n       [0, 0],\n       [1, 1],\n       [0, 0],\n       [1, 1],\n       [1, 1],\n       [1, 1],\n       [0, 0],\n       [0, 0],\n       [0, 0],\n       [1, 1],\n       [0, 0],\n       [1, 1],\n       [1, 1],\n       [1, 1],\n       [0, 0],\n       [1, 1],\n       [1, 1],\n       [1, 1],\n       [1, 1],\n       [1, 1],\n       [1, 1],\n       [1, 1],\n       [0, 0],\n       [0, 0],\n       [0, 0],\n       [0, 0],\n       [0, 0],\n       [0, 0],\n       [0, 0],\n       [0, 0],\n       [0, 0],\n       [0, 0],\n       [0, 0],\n       [0, 0],\n       [0, 0],\n       [0, 0],\n       [0, 0],\n       [1, 1],\n       [0, 0],\n       [0, 0],\n       [0, 0],\n       [0, 0],\n       [0, 0],\n       [0, 0],\n       [0, 0],\n       [1, 1],\n       [0, 0],\n       [0, 0],\n       [0, 0],\n       [1, 1],\n       [0, 0],\n       [1, 1],\n       [1, 1],\n       [1, 1],\n       [0, 0],\n       [0, 0],\n       [0, 0],\n       [0, 0],\n       [0, 0],\n       [0, 0],\n       [0, 0],\n       [1, 1],\n       [0, 0],\n       [0, 0],\n       [0, 0],\n       [1, 1],\n       [0, 0],\n       [1, 1],\n       [1, 1],\n       [1, 1],\n       [0, 0],\n       [0, 0],\n       [0, 0],\n       [1, 1],\n       [0, 0],\n       [1, 1],\n       [1, 1],\n       [1, 1],\n       [0, 0],\n       [1, 1],\n       [1, 1],\n       [1, 1],\n       [1, 1],\n       [1, 1],\n       [1, 1],\n       [1, 1],\n       [0, 0],\n       [0, 0],\n       [0, 0],\n       [0, 0],\n       [0, 0],\n       [0, 0],\n       [0, 0],\n       [1, 1],\n       [0, 0],\n       [0, 0],\n       [0, 0],\n       [1, 1],\n       [0, 0],\n       [1, 1],\n       [1, 1],\n       [1, 1],\n       [0, 0],\n       [0, 0],\n       [0, 0],\n       [1, 1],\n       [0, 0],\n       [1, 1],\n       [1, 1],\n       [1, 1],\n       [0, 0],\n       [1, 1],\n       [1, 1],\n       [1, 1],\n       [1, 1],\n       [1, 1],\n       [1, 1],\n       [1, 1],\n       [0, 0],\n       [0, 0],\n       [0, 0],\n       [1, 1],\n       [0, 0],\n       [1, 1],\n       [1, 1],\n       [1, 1],\n       [0, 0],\n       [1, 1],\n       [1, 1],\n       [1, 1],\n       [1, 1],\n       [1, 1],\n       [1, 1],\n       [1, 1],\n       [0, 0],\n       [1, 1],\n       [1, 1],\n       [1, 1],\n       [1, 1],\n       [1, 1],\n       [1, 1],\n       [1, 1],\n       [1, 1],\n       [1, 1],\n       [1, 1],\n       [1, 1],\n       [1, 1],\n       [1, 1],\n       [1, 1],\n       [1, 1]], dtype=uint8) = DenseStrategyFixture(spec=HybridStrategySpec(family='majority', n2=8, k_box=1, split=None, depth_s=None, order=None, tie_bandwidth=0, tie_value=0), n2=8, k_box=1, f_tables=[array([[0],\n       [0],\n       [0],\n       [0],\n       [0],\n       [0],\n       [0],\n       [0],\n       [0],\n       [0],\n       [0],\n       [0],\n       [0],\n       [0],\n       [0],\n       [0],\n       [0],\n       [0],\n       [0],\n       [0],\n       [0],\n       [0],\n       [0],\n       [0],\n       [0],\n       [0],\n       [0],\n       [0],\n       [0],\n       [0],\n       [0],\n       [0],\n       [0],\n       [0],\n       [0],\n       [0],\n       [0],\n       [0],\n       [0],\n       [0],\n       [0],\n       [0],\n       [0],\n       [0],\n       [0],\n       [0],\n       [0],\n       [0],\n       [0],\n       [0],\n       [0],\n       [0],\n       [0],\n       [0],\n       [0],\n       [0],\n       [0],\n       [0],\n       [0],\n       [0],\n       [0],\n       [0],\n       [0],\n       [0],\n       [0],\n       [0],\n       [0],\n       [0],\n       [0],\n       [0],\n       [0],\n       [0],\n       [0],\n       [0],\n       [0],\n       [0],\n       [0],\n       [0],\n       [0],\n       [0],\n       [0],\n       [0],\n       [0],\n       [0],\n       [0],\n       [0],\n       [0],\n       [0],\n       [0],\n       [0],\n       [0],\n       [0],\n       [0],\n       [0],\n       [0],\n       [0],\n       [0],\n       [0],\n       [0],\n       [0],\n       [0],\n       [0],\n       [0],\n       [0],\n       [0],\n       [0],\n       [0],\n       [0],\n       [0],\n       [0],\n       [0],\n       [0],\n       [0],\n       [0],\n       [0],\n       [0],\n       [0],\n       [0],\n       [0],\n       [0],\n       [0],\n       [0],\n       [0],\n       [0],\n       [0],\n       [0],\n       [0],\n       [0],\n       [0],\n       [0],\n       [0],\n       [0],\n       [0],\n       [0],\n       [0],\n       [0],\n       [0],\n       [0],\n       [0],\n       [0],\n       [0],\n       [0],\n       [0],\n       [0],\n       [0],\n       [0],\n       [0],\n       [0],\n       [0],\n       [0],\n       [0],\n       [0],\n       [0],\n       [0],\n       [0],\n       [0],\n       [0],\n       [0],\n       [0],\n       [0],\n       [0],\n       [0],\n       [0],\n       [0],\n       [0],\n       [0],\n       [0],\n       [0],\n       [0],\n       [0],\n       [0],\n       [0],\n       [0],\n       [0],\n       [0],\n       [0],\n       [0],\n       [0],\n       [0],\n       [0],\n       [0],\n       [0],\n       [0],\n       [0],\n       [0],\n       [0],\n       [0],\n       [0],\n       [0],\n       [0],\n       [0],\n       [0],\n       [0],\n       [0],\n       [0],\n       [0],\n       [0],\n       [0],\n       [0],\n       [0],\n       [0],\n       [0],\n       [0],\n       [0],\n       [0],\n       [0],\n       [0],\n       [0],\n       [0],\n       [0],\n       [0],\n       [0],\n       [0],\n       [0],\n       [0],\n       [0],\n       [0],\n       [0],\n       [0],\n       [0],\n       [0],\n       [0],\n       [0],\n       [0],\n       [0],\n       [0],\n       [0],\n       [0],\n       [0],\n       [0],\n       [0],\n       [0],\n       [0],\n       [0],\n       [0],\n       [0],\n       [0],\n       [0],\n       [0],\n       [0],\n       [0],\n       [0],\n       [0],\n       [0],\n       [0],\n       [0],\n       [0],\n       [0],\n       [0],\n       [0],\n       [0],\n       [0],\n       [0],\n       [0],\n       [0],\n       [0]], dtype=uint8)], comm_table=array([[0, 0],\n       [0, 0],\n       [0, 0],\n       [0, 0],\n       [0, 0],\n       [0, 0],\n       [0, 0],\n       [0, 0],\n       [0, 0],\n       [0, 0],\n       [0, 0],\n       [0, 0],\n       [0, 0],\n       [0, 0],\n       [0, 0],\n       [0, 0],\n       [0, 0],\n       [0, 0],\n       [0, 0],\n       [0, 0],\n       [0, 0],\n       [0, 0],\n       [0, 0],\n       [0, 0],\n       [0, 0],\n       [0, 0],\n       [0, 0],\n       [0, 0],\n       [0, 0],\n       [0, 0],\n       [0, 0],\n       [1, 1],\n       [0, 0],\n       [0, 0],\n       [0, 0],\n       [0, 0],\n       [0, 0],\n       [0, 0],\n       [0, 0],\n       [0, 0],\n       [0, 0],\n       [0, 0],\n       [0, 0],\n       [0, 0],\n       [0, 0],\n       [0, 0],\n       [0, 0],\n       [1, 1],\n       [0, 0],\n       [0, 0],\n       [0, 0],\n       [0, 0],\n       [0, 0],\n       [0, 0],\n       [0, 0],\n       [1, 1],\n       [0, 0],\n       [0, 0],\n       [0, 0],\n       [1, 1],\n       [0, 0],\n       [1, 1],\n       [1, 1],\n       [1, 1],\n       [0, 0],\n       [0, 0],\n       [0, 0],\n       [0, 0],\n       [0, 0],\n       [0, 0],\n       [0, 0],\n       [0, 0],\n       [0, 0],\n       [0, 0],\n       [0, 0],\n       [0, 0],\n       [0, 0],\n       [0, 0],\n       [0, 0],\n       [1, 1],\n       [0, 0],\n       [0, 0],\n       [0, 0],\n       [0, 0],\n       [0, 0],\n       [0, 0],\n       [0, 0],\n       [1, 1],\n       [0, 0],\n       [0, 0],\n       [0, 0],\n       [1, 1],\n       [0, 0],\n       [1, 1],\n       [1, 1],\n       [1, 1],\n       [0, 0],\n       [0, 0],\n       [0, 0],\n       [0, 0],\n       [0, 0],\n       [0, 0],\n       [0, 0],\n       [1, 1],\n       [0, 0],\n       [0, 0],\n       [0, 0],\n       [1, 1],\n       [0, 0],\n       [1, 1],\n       [1, 1],\n       [1, 1],\n       [0, 0],\n       [0, 0],\n       [0, 0],\n       [1, 1],\n       [0, 0],\n       [1, 1],\n       [1, 1],\n       [1, 1],\n       [0, 0],\n       [1, 1],\n       [1, 1],\n       [1, 1],\n       [1, 1],\n       [1, 1],\n       [1, 1],\n       [1, 1],\n       [0, 0],\n       [0, 0],\n       [0, 0],\n       [0, 0],\n       [0, 0],\n       [0, 0],\n       [0, 0],\n       [0, 0],\n       [0, 0],\n       [0, 0],\n       [0, 0],\n       [0, 0],\n       [0, 0],\n       [0, 0],\n       [0, 0],\n       [1, 1],\n       [0, 0],\n       [0, 0],\n       [0, 0],\n       [0, 0],\n       [0, 0],\n       [0, 0],\n       [0, 0],\n       [1, 1],\n       [0, 0],\n       [0, 0],\n       [0, 0],\n       [1, 1],\n       [0, 0],\n       [1, 1],\n       [1, 1],\n       [1, 1],\n       [0, 0],\n       [0, 0],\n       [0, 0],\n       [0, 0],\n       [0, 0],\n       [0, 0],\n       [0, 0],\n       [1, 1],\n       [0, 0],\n       [0, 0],\n       [0, 0],\n       [1, 1],\n       [0, 0],\n       [1, 1],\n       [1, 1],\n       [1, 1],\n       [0, 0],\n       [0, 0],\n       [0, 0],\n       [1, 1],\n       [0, 0],\n       [1, 1],\n       [1, 1],\n       [1, 1],\n       [0, 0],\n       [1, 1],\n       [1, 1],\n       [1, 1],\n       [1, 1],\n       [1, 1],\n       [1, 1],\n       [1, 1],\n       [0, 0],\n       [0, 0],\n       [0, 0],\n       [0, 0],\n       [0, 0],\n       [0, 0],\n       [0, 0],\n       [1, 1],\n       [0, 0],\n       [0, 0],\n       [0, 0],\n       [1, 1],\n       [0, 0],\n       [1, 1],\n       [1, 1],\n       [1, 1],\n       [0, 0],\n       [0, 0],\n       [0, 0],\n       [1, 1],\n       [0, 0],\n       [1, 1],\n       [1, 1],\n       [1, 1],\n       [0, 0],\n       [1, 1],\n       [1, 1],\n       [1, 1],\n       [1, 1],\n       [1, 1],\n       [1, 1],\n       [1, 1],\n       [0, 0],\n       [0, 0],\n       [0, 0],\n       [1, 1],\n       [0, 0],\n       [1, 1],\n       [1, 1],\n       [1, 1],\n       [0, 0],\n       [1, 1],\n       [1, 1],\n       [1, 1],\n       [1, 1],\n       [1, 1],\n       [1, 1],\n       [1, 1],\n       [0, 0],\n       [1, 1],\n       [1, 1],\n       [1, 1],\n       [1, 1],\n       [1, 1],\n       [1, 1],\n       [1, 1],\n       [1, 1],\n       [1, 1],\n       [1, 1],\n       [1, 1],\n       [1, 1],\n       [1, 1],\n       [1, 1],\n       [1, 1]], dtype=uint8), boxes_used=0).comm_table
============================== 1 failed in 1.61s ==============================
